
======================================================================
TEST EXECUTION SUMMARY
======================================================================

[PASS] Passed:  0
[FAIL] Failed:  0
[ERR]  Errors:  0
[SKIP] Skipped: 0
[TOTAL] Total:   0
[TIME] Duration: 0.00s

[OK] ALL TESTS PASSED!
======================================================================
